[LINTRO] All output formats will be auto-generated in .lintro/run-20261009-003614-732629-43201-0000

Running 3 tools in parallel (max 10 workers)
======================================================================
✨  Running actionlint (check)    🔧 🔧 🔧 🔧 🔧
======================================================================

✓ No issues found.

======================================================================
✨  Running shellcheck (check)    🔧 🔧 🔧 🔧 🔧
======================================================================

✓ No issues found.

======================================================================
✨  Running yamllint (check)    📄 📄 📄 📄 📄
======================================================================

+------------------------------------------+--------+----------+-------------+------------+-----------+------------------------------------+------------------------------------------------------+
| File                                     |   Line |   Column | Code        | Severity   |  Fixable  | Message                            | Docs                                                 |
+==========================================+========+==========+=============+============+===========+====================================+======================================================+
| ./.github/workflows/docker-scan-failure- |     14 |       81 | line-length | ERROR      |           | line too long (96 > 80 characters) | https://yamllint.readthedocs.io/en/stable/rules.html |
| probe.yml                                |        |          |             |            |           |                                    | #line-length                                         |
+------------------------------------------+--------+----------+-------------+------------+-----------+------------------------------------+------------------------------------------------------+
✗ Found 1 issues


[36m[1m📋 EXECUTION SUMMARY[0m
[36m==================================================[0m
+--------------+----------+----------+---------+
| Tool         | Status   | Issues   | Notes   |
+==============+==========+==========+=========+
| 🔧 actionlint | ✅ PASS   | 0        |         |
+--------------+----------+----------+---------+
| 🔧 shellcheck | ✅ PASS   | 0        |         |
+--------------+----------+----------+---------+
| 📄 yamllint   | ❌ FAIL   | 1        |         |
+--------------+----------+----------+---------+

[36m[1m📊 TOTALS[0m
+----------------+---------+
| Metric         | Count   |
+================+=========+
| Total Issues   | 1       |
+----------------+---------+
| Errors         | 1       |
+----------------+---------+
| Warnings       | 0       |
+----------------+---------+
| Info           | 0       |
+----------------+---------+
| Auto-fixable   | 0       |
+----------------+---------+
| Affected Files | 1       |
+----------------+---------+

Issues: 1 error, 0 warnings, 0 info
Change since last run: +1 error