[LINTRO] All output formats will be auto-generated in .lintro/run-20261009-003621-530784-43275-0000

======================================================================
✨  Running yamllint (check)    📄 📄 📄 📄 📄
======================================================================

+------------------------------------------+--------+----------+-------------+------------+-----------+------------------------------------+------------------------------------------------------+
| File                                     |   Line |   Column | Code        | Severity   |  Fixable  | Message                            | Docs                                                 |
+==========================================+========+==========+=============+============+===========+====================================+======================================================+
| ./.github/workflows/docker-scan-failure- |     14 |       81 | line-length | ERROR      |           | line too long (85 > 80 characters) | https://yamllint.readthedocs.io/en/stable/rules.html |
| probe.yml                                |        |          |             |            |           |                                    | #line-length                                         |
+------------------------------------------+--------+----------+-------------+------------+-----------+------------------------------------+------------------------------------------------------+
✗ Found 1 issues


[36m[1m📋 EXECUTION SUMMARY[0m
[36m==================================================[0m
+------------+----------+----------+---------+
| Tool       | Status   | Issues   | Notes   |
+============+==========+==========+=========+
| 📄 yamllint | ❌ FAIL   | 1        |         |
+------------+----------+----------+---------+

[36m[1m📊 TOTALS[0m
+----------------+---------+
| Metric         | Count   |
+================+=========+
| Total Issues   | 1       |
+----------------+---------+
| Errors         | 1       |
+----------------+---------+
| Warnings       | 0       |
+----------------+---------+
| Info           | 0       |
+----------------+---------+
| Auto-fixable   | 0       |
+----------------+---------+
| Affected Files | 1       |
+----------------+---------+

Issues: 1 error, 0 warnings, 0 info
Change since last run: no change