[LINTRO] All output formats will be auto-generated in .lintro/run-20261008-231832-018662-88756-0000

Running 2 tools in parallel (max 10 workers)
======================================================================
✨  Running actionlint (check)    🔧 🔧 🔧 🔧 🔧
======================================================================

✓ No issues found.

======================================================================
✨  Running yamllint (check)    📄 📄 📄 📄 📄
======================================================================

+-----------------------------------------------+--------+----------+-------------+------------+-----------+-------------------------------------+------------------------------------------------------+
| File                                          |   Line |   Column | Code        | Severity   |  Fixable  | Message                             | Docs                                                 |
+===============================================+========+==========+=============+============+===========+=====================================+======================================================+
| ./.github/workflows/docker-publish.yml        |      1 |       81 | line-length | ERROR      |           | line too long (93 > 80 characters)  | https://yamllint.readthedocs.io/en/stable/rules.html |
|                                               |        |          |             |            |           |                                     | #line-length                                         |
+-----------------------------------------------+--------+----------+-------------+------------+-----------+-------------------------------------+------------------------------------------------------+
| ./.github/workflows/docker-publish.yml        |     36 |       81 | line-length | ERROR      |           | line too long (191 > 80 characters) | https://yamllint.readthedocs.io/en/stable/rules.html |
|                                               |        |          |             |            |           |                                     | #line-length                                         |
+-----------------------------------------------+--------+----------+-------------+------------+-----------+-------------------------------------+------------------------------------------------------+
| ./.github/workflows/docker-publish.yml        |     61 |       81 | line-length | ERROR      |           | line too long (87 > 80 characters)  | https://yamllint.readthedocs.io/en/stable/rules.html |
|                                               |        |          |             |            |           |                                     | #line-length                                         |
+-----------------------------------------------+--------+----------+-------------+------------+-----------+-------------------------------------+------------------------------------------------------+
| ./.github/workflows/perms-negative-docker.yml |     29 |       81 | line-length | ERROR      |           | line too long (191 > 80 characters) | https://yamllint.readthedocs.io/en/stable/rules.html |
|                                               |        |          |             |            |           |                                     | #line-length                                         |
+-----------------------------------------------+--------+----------+-------------+------------+-----------+-------------------------------------+------------------------------------------------------+
| ./.github/workflows/readonly-docker.yml       |      1 |       81 | line-length | ERROR      |           | line too long (85 > 80 characters)  | https://yamllint.readthedocs.io/en/stable/rules.html |
|                                               |        |          |             |            |           |                                     | #line-length                                         |
+-----------------------------------------------+--------+----------+-------------+------------+-----------+-------------------------------------+------------------------------------------------------+
| ./.github/workflows/readonly-docker.yml       |     28 |       81 | line-length | ERROR      |           | line too long (191 > 80 characters) | https://yamllint.readthedocs.io/en/stable/rules.html |
|                                               |        |          |             |            |           |                                     | #line-length                                         |
+-----------------------------------------------+--------+----------+-------------+------------+-----------+-------------------------------------+------------------------------------------------------+
| ./.github/workflows/readonly-docker.yml       |     50 |       81 | line-length | ERROR      |           | line too long (99 > 80 characters)  | https://yamllint.readthedocs.io/en/stable/rules.html |
|                                               |        |          |             |            |           |                                     | #line-length                                         |
+-----------------------------------------------+--------+----------+-------------+------------+-----------+-------------------------------------+------------------------------------------------------+
✗ Found 7 issues


[36m[1m📋 EXECUTION SUMMARY[0m
[36m==================================================[0m
+--------------+----------+----------+---------+
| Tool         | Status   | Issues   | Notes   |
+==============+==========+==========+=========+
| 🔧 actionlint | ✅ PASS   | 0        |         |
+--------------+----------+----------+---------+
| 📄 yamllint   | ❌ FAIL   | 7        |         |
+--------------+----------+----------+---------+

[36m[1m📊 TOTALS[0m
+----------------+---------+
| Metric         | Count   |
+================+=========+
| Total Issues   | 7       |
+----------------+---------+
| Errors         | 7       |
+----------------+---------+
| Warnings       | 0       |
+----------------+---------+
| Info           | 0       |
+----------------+---------+
| Auto-fixable   | 0       |
+----------------+---------+
| Affected Files | 3       |
+----------------+---------+

Issues: 7 errors, 0 warnings, 0 info