[LINTRO] All output formats will be auto-generated in .lintro/run-20261009-014836-219699-2395-0000

======================================================================
✨  Running actionlint (check)    🔧 🔧 🔧 🔧 🔧
======================================================================

✓ No issues found.


[36m[1m📋 EXECUTION SUMMARY[0m
[36m==================================================[0m
+--------------+----------+----------+---------+
| Tool         | Status   | Issues   | Notes   |
+==============+==========+==========+=========+
| 🔧 actionlint | ✅ PASS   | 0        |         |
+--------------+----------+----------+---------+

[36m[1m📊 TOTALS[0m
+----------------+---------+
| Metric         | Count   |
+================+=========+
| Total Issues   | 0       |
+----------------+---------+
| Affected Files | 0       |
+----------------+---------+

Issues: 0 errors, 0 warnings, 0 info
Change since last run: -3 warnings